[0m00:32:56.236461 [debug] [MainThread]: Sending event: {'category': 'dbt', 'action': 'invocation', 'label': 'start', 'context': [<snowplow_tracker.self_describing_json.SelfDescribingJson object at 0x1059b8ec0>, <snowplow_tracker.self_describing_json.SelfDescribingJson object at 0x105eee6f0>, <snowplow_tracker.self_describing_json.SelfDescribingJson object at 0x105eee3c0>]}


============================== 00:32:56.340088 | 2b74300a-38b2-40f4-8765-db7dc350efde ==============================
[0m00:32:56.340088 [info ] [MainThread]: Running with dbt=1.9.3
[0m00:32:56.343875 [debug] [MainThread]: running dbt with arguments {'printer_width': '80', 'indirect_selection': 'eager', 'write_json': 'True', 'log_cache_events': 'False', 'partial_parse': 'True', 'cache_selected_only': 'False', 'warn_error': 'None', 'fail_fast': 'False', 'version_check': 'True', 'log_path': 'logs', 'profiles_dir': '/Users/LounesAbd/.dbt', 'debug': 'False', 'use_colors': 'True', 'use_experimental_parser': 'False', 'empty': 'None', 'quiet': 'False', 'no_print': 'None', 'log_format': 'default', 'invocation_command': 'dbt init', 'warn_error_options': 'WarnErrorOptions(include=[], exclude=[])', 'static_parser': 'True', 'target_path': 'None', 'introspect': 'True', 'send_anonymous_usage_stats': 'True'}
[0m00:33:05.495305 [debug] [MainThread]: Starter project path: /Library/Frameworks/Python.framework/Versions/3.12/lib/python3.12/site-packages/dbt/include/starter_project
[0m00:33:05.535128 [info ] [MainThread]: 
Your new dbt project "custom_postgres" was created!

For more information on how to configure the profiles.yml file,
please consult the dbt documentation here:

  https://docs.getdbt.com/docs/configure-your-profile

One more thing:

Need help? Don't hesitate to reach out to us via GitHub issues or on Slack:

  https://community.getdbt.com/

Happy modeling!

[0m00:33:05.536453 [info ] [MainThread]: Setting up your profile.
[0m00:45:03.050885 [info ] [MainThread]: Profile custom_postgres written to /Users/LounesAbd/.dbt/profiles.yml using target's profile_template.yml and your supplied values. Run 'dbt debug' to validate the connection.
[0m00:45:03.081933 [debug] [MainThread]: Resource report: {"command_name": "init", "command_success": true, "command_wall_clock_time": 727.5322, "process_in_blocks": "0", "process_kernel_time": 1.239967, "process_mem_max_rss": "91041792", "process_out_blocks": "0", "process_user_time": 4.348455}
[0m00:45:03.091110 [debug] [MainThread]: Command `dbt init` succeeded at 00:45:03.090340 after 727.55 seconds
[0m00:45:03.094144 [debug] [MainThread]: Sending event: {'category': 'dbt', 'action': 'invocation', 'label': 'end', 'context': [<snowplow_tracker.self_describing_json.SelfDescribingJson object at 0x105f188c0>, <snowplow_tracker.self_describing_json.SelfDescribingJson object at 0x105fb0e00>, <snowplow_tracker.self_describing_json.SelfDescribingJson object at 0x105ff1c40>]}
[0m00:45:03.097402 [debug] [MainThread]: Flushing usage events
[0m00:45:03.707676 [debug] [MainThread]: An error was encountered while trying to flush usage events
